CCS PCM C Compiler, Version 5.015, 5967               01-nov-25 09:03

               Filename:   C:\Users\Monitor\Desktop\MicroCon\Projetos PCW\PARA PIC\LCD Teste\LCDtetse.lst

               ROM used:   1239 words (15%)
                           Largest free fragment is 2048
               RAM used:   7 (2%) at main() level
                           37 (10%) worst case
               Stack used: 4 locations
               Stack size: 8

*
0000:  MOVLW  03
0001:  MOVWF  0A
0002:  GOTO   3E2
0003:  NOP
.................... ///////feito para rodar no PIC  
....................  
....................  
....................  
.................... #include <16F877A.h> 
.................... //////////// Standard Header file for the PIC16F877A device //////////////// 
.................... /////////////////////////////////////////////////////////////////////////// 
.................... ////        (C) Copyright 1996, 2013 Custom Computer Services          //// 
.................... //// This source code may only be used by licensed users of the CCS C  //// 
.................... //// compiler.  This source code may only be distributed to other      //// 
.................... //// licensed users of the CCS C compiler.  No other use, reproduction //// 
.................... //// or distribution is permitted without written permission.          //// 
.................... //// Derivative programs created using this software in object code    //// 
.................... //// form are not restricted in any way.                               //// 
.................... /////////////////////////////////////////////////////////////////////////// 
.................... #device PIC16F877A 
0004:  BCF    0A.0
0005:  BCF    0A.1
0006:  BCF    0A.2
0007:  ADDWF  02,F
0008:  RETLW  28
0009:  RETLW  0F
000A:  RETLW  01
000B:  RETLW  06
000C:  DATA C7,32
000D:  DATA 6F,39
000E:  DATA E7,32
000F:  DATA 20,24
0010:  DATA 65,37
0011:  DATA F2,34
0012:  DATA F1,3A
0013:  DATA 65,10
0014:  DATA 0D,05
0015:  DATA 00,00
0016:  DATA D3,20
0017:  DATA C2,22
0018:  DATA 20,2A
0019:  DATA 55,22
001A:  DATA 4F,10
001B:  DATA 00,01
001C:  DATA CD,24
001D:  DATA 43,29
001E:  DATA CF,21
001F:  DATA 4F,27
0020:  DATA 54,29
0021:  DATA 4F,26
0022:  DATA 41,22
0023:  DATA 4F,29
0024:  DATA 0D,05
0025:  DATA 00,01
0026:  DATA 45,10
0027:  DATA C6,20
0028:  DATA C3,24
0029:  DATA 4C,10
002A:  DATA 00,01
002B:  DATA 0C,2B
002C:  DATA 41,26
002D:  DATA 4F,29
002E:  DATA A0,34
002F:  DATA 6E,3A
0030:  DATA A0,1E
0031:  DATA A0,12
0032:  DATA E4,06
0033:  DATA 0A,00
0034:  DATA 0C,2B
0035:  DATA 41,26
0036:  DATA 4F,29
0037:  DATA 20,33
0038:  DATA EC,37
0039:  DATA 61,3A
003A:  DATA A0,1E
003B:  DATA A0,06
003C:  DATA A5,19
003D:  DATA 2E,19
003E:  DATA E6,12
003F:  DATA A5,06
0040:  DATA 0A,00
*
0123:  MOVF   0B,W
0124:  MOVWF  26
0125:  BCF    0B.7
0126:  BSF    03.5
0127:  BSF    03.6
0128:  BSF    0C.7
0129:  BSF    0C.0
012A:  NOP
012B:  NOP
012C:  BCF    03.5
012D:  BCF    03.6
012E:  BTFSC  26.7
012F:  BSF    0B.7
0130:  BSF    03.6
0131:  MOVF   0C,W
0132:  ANDLW  7F
0133:  BTFSC  03.2
0134:  GOTO   177
0135:  BCF    03.6
0136:  MOVWF  26
0137:  BSF    03.6
0138:  MOVF   0D,W
0139:  BCF    03.6
013A:  MOVWF  27
013B:  BSF    03.6
013C:  MOVF   0F,W
013D:  BCF    03.6
013E:  MOVWF  28
013F:  MOVF   26,W
0140:  MOVWF  33
0141:  CALL   0EC
0142:  MOVF   27,W
0143:  BSF    03.6
0144:  MOVWF  0D
0145:  BCF    03.6
0146:  MOVF   28,W
0147:  BSF    03.6
0148:  MOVWF  0F
0149:  BCF    03.6
014A:  MOVF   0B,W
014B:  MOVWF  29
014C:  BCF    0B.7
014D:  BSF    03.5
014E:  BSF    03.6
014F:  BSF    0C.7
0150:  BSF    0C.0
0151:  NOP
0152:  NOP
0153:  BCF    03.5
0154:  BCF    03.6
0155:  BTFSC  29.7
0156:  BSF    0B.7
0157:  BSF    03.6
0158:  RLF    0C,W
0159:  RLF    0E,W
015A:  ANDLW  7F
015B:  BTFSC  03.2
015C:  GOTO   177
015D:  BCF    03.6
015E:  MOVWF  26
015F:  BSF    03.6
0160:  MOVF   0D,W
0161:  BCF    03.6
0162:  MOVWF  27
0163:  BSF    03.6
0164:  MOVF   0F,W
0165:  BCF    03.6
0166:  MOVWF  28
0167:  MOVF   26,W
0168:  MOVWF  33
0169:  CALL   0EC
016A:  MOVF   27,W
016B:  BSF    03.6
016C:  MOVWF  0D
016D:  BCF    03.6
016E:  MOVF   28,W
016F:  BSF    03.6
0170:  MOVWF  0F
0171:  INCF   0D,F
0172:  BTFSC  03.2
0173:  INCF   0F,F
0174:  BCF    03.6
0175:  GOTO   123
0176:  BSF    03.6
0177:  BCF    03.6
0178:  RETURN
0179:  MOVF   0B,W
017A:  MOVWF  27
017B:  BCF    0B.7
017C:  BSF    03.5
017D:  BSF    03.6
017E:  BSF    0C.7
017F:  BSF    0C.0
0180:  NOP
0181:  NOP
0182:  BCF    03.5
0183:  BCF    03.6
0184:  BTFSC  27.7
0185:  BSF    0B.7
0186:  BTFSC  03.0
0187:  GOTO   1B0
0188:  BSF    03.6
0189:  MOVF   0C,W
018A:  ANDLW  7F
018B:  BCF    03.6
018C:  MOVWF  27
018D:  BSF    03.6
018E:  MOVF   0D,W
018F:  BCF    03.6
0190:  MOVWF  28
0191:  BSF    03.6
0192:  MOVF   0F,W
0193:  BCF    03.6
0194:  MOVWF  29
0195:  MOVF   27,W
0196:  MOVWF  33
0197:  CALL   0EC
0198:  MOVF   28,W
0199:  BSF    03.6
019A:  MOVWF  0D
019B:  BCF    03.6
019C:  MOVF   29,W
019D:  BSF    03.6
019E:  MOVWF  0F
019F:  BCF    03.6
01A0:  MOVF   0B,W
01A1:  MOVWF  2A
01A2:  BCF    0B.7
01A3:  BSF    03.5
01A4:  BSF    03.6
01A5:  BSF    0C.7
01A6:  BSF    0C.0
01A7:  NOP
01A8:  NOP
01A9:  BCF    03.5
01AA:  BCF    03.6
01AB:  BTFSC  2A.7
01AC:  BSF    0B.7
01AD:  DECFSZ 26,F
01AE:  GOTO   1B0
01AF:  GOTO   1CF
01B0:  BSF    03.6
01B1:  RLF    0C,W
01B2:  RLF    0E,W
01B3:  ANDLW  7F
01B4:  BCF    03.6
01B5:  MOVWF  27
01B6:  BSF    03.6
01B7:  MOVF   0D,W
01B8:  BCF    03.6
01B9:  MOVWF  28
01BA:  BSF    03.6
01BB:  MOVF   0F,W
01BC:  BCF    03.6
01BD:  MOVWF  29
01BE:  MOVF   27,W
01BF:  MOVWF  33
01C0:  CALL   0EC
01C1:  MOVF   28,W
01C2:  BSF    03.6
01C3:  MOVWF  0D
01C4:  BCF    03.6
01C5:  MOVF   29,W
01C6:  BSF    03.6
01C7:  MOVWF  0F
01C8:  INCF   0D,F
01C9:  BTFSC  03.2
01CA:  INCF   0F,F
01CB:  BCF    03.0
01CC:  BCF    03.6
01CD:  DECFSZ 26,F
01CE:  GOTO   179
01CF:  RETURN
01D0:  MOVF   2D,W
01D1:  CLRF   78
01D2:  SUBWF  2C,W
01D3:  BTFSC  03.0
01D4:  GOTO   1D8
01D5:  MOVF   2C,W
01D6:  MOVWF  77
01D7:  GOTO   1E4
01D8:  CLRF   77
01D9:  MOVLW  08
01DA:  MOVWF  2E
01DB:  RLF    2C,F
01DC:  RLF    77,F
01DD:  MOVF   2D,W
01DE:  SUBWF  77,W
01DF:  BTFSC  03.0
01E0:  MOVWF  77
01E1:  RLF    78,F
01E2:  DECFSZ 2E,F
01E3:  GOTO   1DB
01E4:  RETURN
01E5:  MOVLW  20
01E6:  BTFSS  27.4
01E7:  MOVLW  30
01E8:  MOVWF  28
01E9:  MOVF   26,W
01EA:  MOVWF  77
01EB:  BTFSS  26.7
01EC:  GOTO   1F5
01ED:  COMF   77,F
01EE:  INCF   77,F
01EF:  MOVF   77,W
01F0:  MOVWF  26
01F1:  MOVLW  2D
01F2:  MOVWF  28
01F3:  BSF    27.7
01F4:  BSF    27.0
01F5:  MOVF   26,W
01F6:  MOVWF  2C
01F7:  MOVLW  64
01F8:  MOVWF  2D
01F9:  CALL   1D0
01FA:  MOVF   77,W
01FB:  MOVWF  26
01FC:  MOVLW  30
01FD:  ADDWF  78,W
01FE:  MOVWF  29
01FF:  MOVF   26,W
0200:  MOVWF  2C
0201:  MOVLW  0A
0202:  MOVWF  2D
0203:  CALL   1D0
0204:  MOVLW  30
0205:  ADDWF  77,W
0206:  MOVWF  2B
0207:  MOVLW  30
0208:  ADDWF  78,W
0209:  MOVWF  2A
020A:  MOVF   28,W
020B:  MOVWF  77
020C:  MOVLW  30
020D:  SUBWF  29,W
020E:  BTFSC  03.2
020F:  GOTO   214
0210:  BSF    27.1
0211:  BTFSC  27.7
0212:  BSF    27.2
0213:  GOTO   228
0214:  MOVF   28,W
0215:  MOVWF  29
0216:  MOVLW  20
0217:  MOVWF  28
0218:  MOVLW  30
0219:  SUBWF  2A,W
021A:  BTFSC  03.2
021B:  GOTO   220
021C:  BSF    27.0
021D:  BTFSC  27.7
021E:  BSF    27.1
021F:  GOTO   228
0220:  BTFSS  03.2
0221:  BSF    27.0
0222:  BTFSS  03.2
0223:  GOTO   228
0224:  MOVF   29,W
0225:  MOVWF  2A
0226:  MOVLW  20
0227:  MOVWF  29
0228:  BTFSC  27.2
0229:  GOTO   22F
022A:  BTFSC  27.1
022B:  GOTO   232
022C:  BTFSC  27.0
022D:  GOTO   235
022E:  GOTO   238
022F:  MOVF   28,W
0230:  MOVWF  33
0231:  CALL   0EC
0232:  MOVF   29,W
0233:  MOVWF  33
0234:  CALL   0EC
0235:  MOVF   2A,W
0236:  MOVWF  33
0237:  CALL   0EC
0238:  MOVF   2B,W
0239:  MOVWF  33
023A:  CALL   0EC
023B:  BCF    0A.3
023C:  BCF    0A.4
023D:  GOTO   4A1 (RETURN)
023E:  BTFSC  03.1
023F:  GOTO   243
0240:  MOVLW  3B
0241:  MOVWF  04
0242:  BCF    03.7
0243:  CLRF   77
0244:  CLRF   78
0245:  CLRF   79
0246:  CLRF   7A
0247:  CLRF   3B
0248:  CLRF   3C
0249:  CLRF   3D
024A:  CLRF   3E
024B:  MOVF   3A,W
024C:  IORWF  39,W
024D:  IORWF  38,W
024E:  IORWF  37,W
024F:  BTFSC  03.2
0250:  GOTO   281
0251:  MOVLW  20
0252:  MOVWF  3F
0253:  BCF    03.0
0254:  RLF    33,F
0255:  RLF    34,F
0256:  RLF    35,F
0257:  RLF    36,F
0258:  RLF    3B,F
0259:  RLF    3C,F
025A:  RLF    3D,F
025B:  RLF    3E,F
025C:  MOVF   3A,W
025D:  SUBWF  3E,W
025E:  BTFSS  03.2
025F:  GOTO   26A
0260:  MOVF   39,W
0261:  SUBWF  3D,W
0262:  BTFSS  03.2
0263:  GOTO   26A
0264:  MOVF   38,W
0265:  SUBWF  3C,W
0266:  BTFSS  03.2
0267:  GOTO   26A
0268:  MOVF   37,W
0269:  SUBWF  3B,W
026A:  BTFSS  03.0
026B:  GOTO   27B
026C:  MOVF   37,W
026D:  SUBWF  3B,F
026E:  MOVF   38,W
026F:  BTFSS  03.0
0270:  INCFSZ 38,W
0271:  SUBWF  3C,F
0272:  MOVF   39,W
0273:  BTFSS  03.0
0274:  INCFSZ 39,W
0275:  SUBWF  3D,F
0276:  MOVF   3A,W
0277:  BTFSS  03.0
0278:  INCFSZ 3A,W
0279:  SUBWF  3E,F
027A:  BSF    03.0
027B:  RLF    77,F
027C:  RLF    78,F
027D:  RLF    79,F
027E:  RLF    7A,F
027F:  DECFSZ 3F,F
0280:  GOTO   253
0281:  MOVF   3B,W
0282:  MOVWF  00
0283:  INCF   04,F
0284:  MOVF   3C,W
0285:  MOVWF  00
0286:  INCF   04,F
0287:  MOVF   3D,W
0288:  MOVWF  00
0289:  INCF   04,F
028A:  MOVF   3E,W
028B:  MOVWF  00
028C:  RETURN
028D:  MOVF   04,W
028E:  MOVWF  2B
028F:  MOVF   2A,W
0290:  MOVWF  2D
0291:  BTFSC  03.2
0292:  GOTO   31F
0293:  MOVF   29,W
0294:  MOVWF  36
0295:  MOVF   28,W
0296:  MOVWF  35
0297:  MOVF   27,W
0298:  MOVWF  34
0299:  MOVF   26,W
029A:  MOVWF  33
029B:  CLRF   3A
029C:  CLRF   39
029D:  MOVLW  20
029E:  MOVWF  38
029F:  MOVLW  82
02A0:  MOVWF  37
02A1:  MOVF   33,W
02A2:  BTFSC  03.2
02A3:  GOTO   311
02A4:  MOVWF  3B
02A5:  MOVF   37,W
02A6:  BTFSC  03.2
02A7:  GOTO   311
02A8:  ADDWF  3B,F
02A9:  BTFSC  03.0
02AA:  GOTO   2B2
02AB:  MOVLW  7F
02AC:  SUBWF  3B,F
02AD:  BTFSS  03.0
02AE:  GOTO   311
02AF:  BTFSC  03.2
02B0:  GOTO   311
02B1:  GOTO   2B6
02B2:  MOVLW  81
02B3:  ADDWF  3B,F
02B4:  BTFSC  03.0
02B5:  GOTO   311
02B6:  MOVF   3B,W
02B7:  MOVWF  77
02B8:  CLRF   78
02B9:  CLRF   79
02BA:  CLRF   7A
02BB:  MOVF   34,W
02BC:  MOVWF  3F
02BD:  BSF    3F.7
02BE:  MOVF   35,W
02BF:  MOVWF  3E
02C0:  MOVF   36,W
02C1:  MOVWF  3D
02C2:  MOVLW  18
02C3:  MOVWF  3B
02C4:  CLRF   3C
02C5:  BTFSS  3D.0
02C6:  GOTO   2DF
02C7:  MOVF   3A,W
02C8:  ADDWF  7A,F
02C9:  BTFSS  03.0
02CA:  GOTO   2D1
02CB:  INCF   79,F
02CC:  BTFSS  03.2
02CD:  GOTO   2D1
02CE:  INCF   78,F
02CF:  BTFSC  03.2
02D0:  BSF    3C.7
02D1:  MOVF   39,W
02D2:  ADDWF  79,F
02D3:  BTFSS  03.0
02D4:  GOTO   2D8
02D5:  INCF   78,F
02D6:  BTFSC  03.2
02D7:  BSF    3C.7
02D8:  MOVF   38,W
02D9:  MOVWF  35
02DA:  BSF    35.7
02DB:  MOVF   35,W
02DC:  ADDWF  78,F
02DD:  BTFSC  03.0
02DE:  BSF    3C.7
02DF:  RLF    3C,F
02E0:  RRF    78,F
02E1:  RRF    79,F
02E2:  RRF    7A,F
02E3:  RRF    3F,F
02E4:  RRF    3E,F
02E5:  RRF    3D,F
02E6:  BCF    03.0
02E7:  DECFSZ 3B,F
02E8:  GOTO   2C4
02E9:  MOVLW  01
02EA:  ADDWF  77,F
02EB:  BTFSC  03.0
02EC:  GOTO   311
02ED:  BTFSC  78.7
02EE:  GOTO   2F6
02EF:  RLF    3F,F
02F0:  RLF    7A,F
02F1:  RLF    79,F
02F2:  RLF    78,F
02F3:  DECF   77,F
02F4:  BTFSC  03.2
02F5:  GOTO   311
02F6:  BTFSS  3F.7
02F7:  GOTO   307
02F8:  INCF   7A,F
02F9:  BTFSS  03.2
02FA:  GOTO   307
02FB:  INCF   79,F
02FC:  BTFSS  03.2
02FD:  GOTO   307
02FE:  INCF   78,F
02FF:  BTFSS  03.2
0300:  GOTO   307
0301:  RRF    78,F
0302:  RRF    79,F
0303:  RRF    7A,F
0304:  INCF   77,F
0305:  BTFSC  03.2
0306:  GOTO   311
0307:  MOVF   34,W
0308:  MOVWF  3C
0309:  MOVF   38,W
030A:  XORWF  3C,F
030B:  BTFSS  3C.7
030C:  GOTO   30F
030D:  BSF    78.7
030E:  GOTO   315
030F:  BCF    78.7
0310:  GOTO   315
0311:  CLRF   77
0312:  CLRF   78
0313:  CLRF   79
0314:  CLRF   7A
0315:  MOVF   7A,W
0316:  MOVWF  29
0317:  MOVF   79,W
0318:  MOVWF  28
0319:  MOVF   78,W
031A:  MOVWF  27
031B:  MOVF   77,W
031C:  MOVWF  26
031D:  DECFSZ 2D,F
031E:  GOTO   293
031F:  MOVF   29,W
0320:  MOVWF  36
0321:  MOVF   28,W
0322:  MOVWF  35
0323:  MOVF   27,W
0324:  MOVWF  34
0325:  MOVF   26,W
0326:  MOVWF  33
0327:  MOVF   33,W
0328:  SUBLW  B6
0329:  MOVWF  33
032A:  CLRF   7A
032B:  MOVF   34,W
032C:  MOVWF  37
032D:  BSF    34.7
032E:  BCF    03.0
032F:  RRF    34,F
0330:  RRF    35,F
0331:  RRF    36,F
0332:  RRF    7A,F
0333:  RRF    79,F
0334:  RRF    78,F
0335:  RRF    77,F
0336:  DECFSZ 33,F
0337:  GOTO   32E
0338:  BTFSS  37.7
0339:  GOTO   345
033A:  COMF   77,F
033B:  COMF   78,F
033C:  COMF   79,F
033D:  COMF   7A,F
033E:  INCF   77,F
033F:  BTFSC  03.2
0340:  INCF   78,F
0341:  BTFSC  03.2
0342:  INCF   79,F
0343:  BTFSC  03.2
0344:  INCF   7A,F
0345:  MOVF   7A,W
0346:  MOVWF  29
0347:  MOVF   79,W
0348:  MOVWF  28
0349:  MOVF   78,W
034A:  MOVWF  27
034B:  MOVF   77,W
034C:  MOVWF  26
034D:  BTFSS  29.7
034E:  GOTO   35C
034F:  DECF   2B,F
0350:  BSF    2B.5
0351:  COMF   26,F
0352:  COMF   27,F
0353:  COMF   28,F
0354:  COMF   29,F
0355:  INCF   26,F
0356:  BTFSC  03.2
0357:  INCF   27,F
0358:  BTFSC  03.2
0359:  INCF   28,F
035A:  BTFSC  03.2
035B:  INCF   29,F
035C:  MOVLW  3B
035D:  MOVWF  32
035E:  MOVLW  9A
035F:  MOVWF  31
0360:  MOVLW  CA
0361:  MOVWF  30
0362:  CLRF   2F
0363:  MOVLW  0A
0364:  MOVWF  2D
0365:  MOVF   2A,W
0366:  BTFSC  03.2
0367:  INCF   2B,F
0368:  BSF    03.1
0369:  MOVLW  26
036A:  MOVWF  04
036B:  BCF    03.7
036C:  MOVF   29,W
036D:  MOVWF  36
036E:  MOVF   28,W
036F:  MOVWF  35
0370:  MOVF   27,W
0371:  MOVWF  34
0372:  MOVF   26,W
0373:  MOVWF  33
0374:  MOVF   32,W
0375:  MOVWF  3A
0376:  MOVF   31,W
0377:  MOVWF  39
0378:  MOVF   30,W
0379:  MOVWF  38
037A:  MOVF   2F,W
037B:  MOVWF  37
037C:  CALL   23E
037D:  MOVF   78,W
037E:  MOVF   77,F
037F:  BTFSS  03.2
0380:  GOTO   394
0381:  INCF   2A,W
0382:  SUBWF  2D,W
0383:  BTFSC  03.2
0384:  GOTO   394
0385:  MOVF   2B,W
0386:  BTFSC  03.2
0387:  GOTO   396
0388:  ANDLW  0F
0389:  SUBWF  2D,W
038A:  BTFSC  03.2
038B:  GOTO   38E
038C:  BTFSC  03.0
038D:  GOTO   3C6
038E:  BTFSC  2B.7
038F:  GOTO   3C6
0390:  BTFSC  2B.6
0391:  GOTO   396
0392:  MOVLW  20
0393:  GOTO   3C2
0394:  MOVLW  20
0395:  ANDWF  2B,F
0396:  BTFSS  2B.5
0397:  GOTO   3A4
0398:  BCF    2B.5
0399:  MOVF   2A,W
039A:  BTFSS  03.2
039B:  DECF   2B,F
039C:  MOVF   77,W
039D:  MOVWF  2B
039E:  MOVLW  2D
039F:  MOVWF  33
03A0:  CALL   0EC
03A1:  MOVF   2B,W
03A2:  MOVWF  77
03A3:  CLRF   2B
03A4:  MOVF   2A,W
03A5:  SUBWF  2D,W
03A6:  BTFSS  03.2
03A7:  GOTO   3B2
03A8:  MOVF   77,W
03A9:  MOVWF  2B
03AA:  MOVLW  2E
03AB:  MOVWF  33
03AC:  CALL   0EC
03AD:  MOVF   2B,W
03AE:  MOVWF  77
03AF:  MOVLW  20
03B0:  ANDWF  2B,F
03B1:  MOVLW  00
03B2:  MOVLW  30
03B3:  BTFSS  2B.5
03B4:  GOTO   3C2
03B5:  BCF    2B.5
03B6:  MOVF   2A,W
03B7:  BTFSS  03.2
03B8:  DECF   2B,F
03B9:  MOVF   77,W
03BA:  MOVWF  2B
03BB:  MOVLW  2D
03BC:  MOVWF  33
03BD:  CALL   0EC
03BE:  MOVF   2B,W
03BF:  MOVWF  77
03C0:  CLRF   2B
03C1:  MOVLW  30
03C2:  ADDWF  77,F
03C3:  MOVF   77,W
03C4:  MOVWF  33
03C5:  CALL   0EC
03C6:  BCF    03.1
03C7:  MOVF   32,W
03C8:  MOVWF  36
03C9:  MOVF   31,W
03CA:  MOVWF  35
03CB:  MOVF   30,W
03CC:  MOVWF  34
03CD:  MOVF   2F,W
03CE:  MOVWF  33
03CF:  CLRF   3A
03D0:  CLRF   39
03D1:  CLRF   38
03D2:  MOVLW  0A
03D3:  MOVWF  37
03D4:  CALL   23E
03D5:  MOVF   7A,W
03D6:  MOVWF  32
03D7:  MOVF   79,W
03D8:  MOVWF  31
03D9:  MOVF   78,W
03DA:  MOVWF  30
03DB:  MOVF   77,W
03DC:  MOVWF  2F
03DD:  DECFSZ 2D,F
03DE:  GOTO   368
03DF:  BCF    0A.3
03E0:  BCF    0A.4
03E1:  GOTO   4C5 (RETURN)
....................  
.................... #list 
....................  
.................... #device ADC=8    //NAO PODE FICAR 16 
....................  
.................... #FUSES NOWDT //No Watch Dog Timer 
.................... #FUSES HS //High speed Osc (> 4mhz for PCM/PCH) (>10mhz for PCD)#FUSES NOPUT //No Power Up Timer 
.................... #FUSES NOPROTECT //Code not protected from reading 
.................... #FUSES NODEBUG //No Debug mode for ICD 
.................... #FUSES BROWNOUT //Reset when brownout detected 
.................... #FUSES NOLVP //No low voltage prgming, B3(PIC16) or B5(PIC18) used forI/O#FUSES NOCPD //No EE protection 
.................... #FUSES NOWRT //Program memory not write protected 
....................  
.................... #use delay(crystal=20000000) 
*
0041:  MOVLW  34
0042:  MOVWF  04
0043:  BCF    03.7
0044:  MOVF   00,W
0045:  BTFSC  03.2
0046:  GOTO   054
0047:  MOVLW  06
0048:  MOVWF  78
0049:  CLRF   77
004A:  DECFSZ 77,F
004B:  GOTO   04A
004C:  DECFSZ 78,F
004D:  GOTO   049
004E:  MOVLW  7B
004F:  MOVWF  77
0050:  DECFSZ 77,F
0051:  GOTO   050
0052:  DECFSZ 00,F
0053:  GOTO   047
0054:  RETURN
....................  
.................... #ifndef lcd_enable 
....................    #define              lcd_enable pin_c1 // pino enable do LCD 
....................    #define              lcd_rs pin_c0 // pino rs do LCD 
....................    //#define            lcd_rw pin_A4 // pino rw do LCD 
....................    #define              lcd_d4 pin_d4 // pino de dados d4 do LCD 
....................    #define              lcd_d5 pin_d5 // pino de dados d5 do LCD 
....................    #define              lcd_d6 pin_d6 // pino de dados d6 do LCD 
....................    #define              lcd_d7 pin_d7 // pino de dados d7 do LCD 
.................... #endif 
....................  
....................  
.................... // Essa forma de incluir indicando a pasta onde est?o arquivo mod_lcd.c 
.................... //#include "C:\Alberto\IFMT 2024 - II\Fábio Pereira\mod_lcd.c" 
.................... #include "mod_lcd.c" // Essa forma de incluir quando o arquivo está na mesma pasta do projeto 
.................... /************************************************************************/ 
.................... /*  MOD_LCD.C - Biblioteca de manipulação de módulo LCD                 */ 
.................... /*                                                                      */ 
.................... /*  Autor: Fábio Pereira                                                */ 
.................... /*                                                                      */ 
.................... /************************************************************************/ 
....................  
.................... // As definições a seguir são utilizadas para acesso aos pinos do display 
.................... // caso o pino RW não seja utilizado, comente a definição lcd_rw 
.................... #ifndef lcd_enable 
.................... 	#define lcd_enable 		pin_e1		// pino enable do LCD 
.................... 	#define lcd_rs			pin_e0		// pino rs do LCD 
.................... 	//#define lcd_rw		pin_e2		// pino rw do LCD 
.................... 	#define lcd_d4			pin_d4		// pino de dados d4 do LCD 
.................... 	#define lcd_d5			pin_d5		// pino de dados d5 do LCD 
.................... 	#define lcd_d6			pin_d6		// pino de dados d6 do LCD 
.................... 	#define lcd_d7			pin_d7		// pino de dados d7 do LCD 
.................... #endif 
....................  
.................... #define lcd_type 2           // 0=5x7, 1=5x10, 2=2 linhas 
.................... #define lcd_seg_lin 0x40    // Endereço da segunda linha na RAM do LCD 
....................  
.................... // a constante abaixo define a seqüência de inicialização do módulo LCD 
.................... byte CONST INI_LCD[4] = {0x20 | (lcd_type << 2), 0xf, 1, 6}; 
....................  
.................... byte lcd_le_byte() 
.................... // lê um byte do LCD (somente com pino RW) 
.................... { 
.................... 	byte dado; 
.................... 	// configura os pinos de dados como entradas 
.................... 	input(lcd_d4); 
.................... 	input(lcd_d5); 
.................... 	input(lcd_d6); 
.................... 	input(lcd_d7); 
.................... 	// se o pino rw for utilizado, coloca em 1 
.................... 	#ifdef lcd_rw 
.................... 		output_high(lcd_rw); 
.................... 	#endif 
....................    output_high(lcd_enable); // habilita display 
.................... 	dado = 0;	// zera a variável de leitura 
.................... 	// lê os quatro bits mais significativos 
.................... 	if (input(lcd_d7)) bit_set(dado,7); 
.................... 	if (input(lcd_d6)) bit_set(dado,6); 
.................... 	if (input(lcd_d5)) bit_set(dado,5); 
.................... 	if (input(lcd_d4)) bit_set(dado,4); 
.................... 	// dá um pulso na linha enable 
.................... 	output_low(lcd_enable); 
.................... 	output_high(lcd_enable); 
.................... 	// lê os quatro bits menos significativos 
.................... 	if (input(lcd_d7)) bit_set(dado,3); 
.................... 	if (input(lcd_d6)) bit_set(dado,2); 
.................... 	if (input(lcd_d5)) bit_set(dado,1); 
.................... 	if (input(lcd_d4)) bit_set(dado,0); 
.................... 	output_low(lcd_enable);	// desabilita o display 
.................... 	return dado;	// retorna o byte lido 
.................... } 
....................  
.................... void lcd_envia_nibble( byte dado ) 
.................... // envia um dado de quatro bits para o display 
.................... { 
.................... 	// coloca os quatro bits nas saidas 
.................... 	output_bit(lcd_d4,bit_test(dado,0)); 
0055:  BTFSC  3B.0
0056:  GOTO   059
0057:  BCF    08.4
0058:  GOTO   05A
0059:  BSF    08.4
005A:  BSF    03.5
005B:  BCF    08.4
.................... 	output_bit(lcd_d5,bit_test(dado,1)); 
005C:  BCF    03.5
005D:  BTFSC  3B.1
005E:  GOTO   061
005F:  BCF    08.5
0060:  GOTO   062
0061:  BSF    08.5
0062:  BSF    03.5
0063:  BCF    08.5
.................... 	output_bit(lcd_d6,bit_test(dado,2)); 
0064:  BCF    03.5
0065:  BTFSC  3B.2
0066:  GOTO   069
0067:  BCF    08.6
0068:  GOTO   06A
0069:  BSF    08.6
006A:  BSF    03.5
006B:  BCF    08.6
.................... 	output_bit(lcd_d7,bit_test(dado,3)); 
006C:  BCF    03.5
006D:  BTFSC  3B.3
006E:  GOTO   071
006F:  BCF    08.7
0070:  GOTO   072
0071:  BSF    08.7
0072:  BSF    03.5
0073:  BCF    08.7
.................... 	// dá um pulso na linha enable 
.................... 	output_high(lcd_enable); 
0074:  BCF    03.5
0075:  BCF    20.1
0076:  MOVF   20,W
0077:  BSF    03.5
0078:  MOVWF  07
0079:  BCF    03.5
007A:  BSF    07.1
.................... 	output_low(lcd_enable); 
007B:  BCF    20.1
007C:  MOVF   20,W
007D:  BSF    03.5
007E:  MOVWF  07
007F:  BCF    03.5
0080:  BCF    07.1
0081:  RETURN
.................... } 
....................  
....................  
.................... void lcd_envia_byte( boolean endereco, byte dado ) 
.................... { 
.................... 	// coloca a linha rs em 0 
.................... 	output_low(lcd_rs); 
0082:  BCF    20.0
0083:  MOVF   20,W
0084:  BSF    03.5
0085:  MOVWF  07
0086:  BCF    03.5
0087:  BCF    07.0
.................... 	// aguarda o display ficar desocupado 
.................... 	//while ( bit_test(lcd_le_byte(),7) ) ; 
.................... 	// configura a linha rs dependendo do modo selecionado 
.................... 	output_bit(lcd_rs,endereco); 
0088:  MOVF   38,F
0089:  BTFSS  03.2
008A:  GOTO   08D
008B:  BCF    07.0
008C:  GOTO   08E
008D:  BSF    07.0
008E:  BCF    20.0
008F:  MOVF   20,W
0090:  BSF    03.5
0091:  MOVWF  07
.................... 	delay_us(100);	// aguarda 100 us 
0092:  MOVLW  A6
0093:  MOVWF  77
0094:  DECFSZ 77,F
0095:  GOTO   094
0096:  NOP
.................... 	// caso a linha rw esteja definida, coloca em 0 
.................... 	#ifdef lcd_rw 
.................... 		output_low(lcd_rw); 
.................... 	#endif 
.................... 	// desativa linha enable 
.................... 	output_low(lcd_enable); 
0097:  BCF    03.5
0098:  BCF    20.1
0099:  MOVF   20,W
009A:  BSF    03.5
009B:  MOVWF  07
009C:  BCF    03.5
009D:  BCF    07.1
.................... 	// envia a primeira parte do byte 
.................... 	lcd_envia_nibble(dado >> 4); 
009E:  SWAPF  39,W
009F:  MOVWF  3A
00A0:  MOVLW  0F
00A1:  ANDWF  3A,F
00A2:  MOVF   3A,W
00A3:  MOVWF  3B
00A4:  CALL   055
.................... 	// envia a segunda parte do byte 
.................... 	lcd_envia_nibble(dado & 0x0f); 
00A5:  MOVF   39,W
00A6:  ANDLW  0F
00A7:  MOVWF  3A
00A8:  MOVWF  3B
00A9:  CALL   055
00AA:  RETURN
.................... } 
....................  
....................  
.................... void lcd_ini() 
.................... // rotina de inicialização do display 
.................... { 
.................... 	byte conta; 
.................... 	output_low(lcd_d4); 
00AB:  BSF    03.5
00AC:  BCF    08.4
00AD:  BCF    03.5
00AE:  BCF    08.4
.................... 	output_low(lcd_d5); 
00AF:  BSF    03.5
00B0:  BCF    08.5
00B1:  BCF    03.5
00B2:  BCF    08.5
.................... 	output_low(lcd_d6); 
00B3:  BSF    03.5
00B4:  BCF    08.6
00B5:  BCF    03.5
00B6:  BCF    08.6
.................... 	output_low(lcd_d7); 
00B7:  BSF    03.5
00B8:  BCF    08.7
00B9:  BCF    03.5
00BA:  BCF    08.7
.................... 	output_low(lcd_rs); 
00BB:  BCF    20.0
00BC:  MOVF   20,W
00BD:  BSF    03.5
00BE:  MOVWF  07
00BF:  BCF    03.5
00C0:  BCF    07.0
.................... 	#ifdef lcd_rw 
.................... 		output_high(lcd_rw); 
.................... 	#endif 
.................... 	output_low(lcd_enable); 
00C1:  BCF    20.1
00C2:  MOVF   20,W
00C3:  BSF    03.5
00C4:  MOVWF  07
00C5:  BCF    03.5
00C6:  BCF    07.1
.................... 	delay_ms(15); 
00C7:  MOVLW  0F
00C8:  MOVWF  34
00C9:  CALL   041
.................... 	// envia uma seqüência de 3 vezes 0x03 
.................... 	// e depois 0x02 para configurar o módulo 
.................... 	// para modo de 4 bits 
.................... 	for(conta=1;conta<=3;++conta) 
00CA:  MOVLW  01
00CB:  MOVWF  26
00CC:  MOVF   26,W
00CD:  SUBLW  03
00CE:  BTFSS  03.0
00CF:  GOTO   0D8
.................... 	{ 
.................... 		lcd_envia_nibble(3); 
00D0:  MOVLW  03
00D1:  MOVWF  3B
00D2:  CALL   055
.................... 		delay_ms(5); 
00D3:  MOVLW  05
00D4:  MOVWF  34
00D5:  CALL   041
00D6:  INCF   26,F
00D7:  GOTO   0CC
.................... 	} 
.................... 	lcd_envia_nibble(2); 
00D8:  MOVLW  02
00D9:  MOVWF  3B
00DA:  CALL   055
.................... 	// envia string de inicialização do display 
.................... 	for(conta=0;conta<=3;++conta) lcd_envia_byte(0,INI_LCD[conta]); 
00DB:  CLRF   26
00DC:  MOVF   26,W
00DD:  SUBLW  03
00DE:  BTFSS  03.0
00DF:  GOTO   0E9
00E0:  MOVF   26,W
00E1:  CALL   004
00E2:  MOVWF  27
00E3:  CLRF   38
00E4:  MOVF   27,W
00E5:  MOVWF  39
00E6:  CALL   082
00E7:  INCF   26,F
00E8:  GOTO   0DC
00E9:  BCF    0A.3
00EA:  BCF    0A.4
00EB:  GOTO   429 (RETURN)
.................... } 
....................  
.................... void lcd_pos_xy( byte x, byte y) 
.................... { 
....................    byte endereco; 
....................    if(y!=1) 
*
0106:  DECFSZ 35,W
0107:  GOTO   109
0108:  GOTO   10C
....................    	endereco = lcd_seg_lin; 
0109:  MOVLW  40
010A:  MOVWF  36
010B:  GOTO   10D
....................    else 
....................    	endereco = 0; 
010C:  CLRF   36
....................    endereco += x-1; 
010D:  MOVLW  01
010E:  SUBWF  34,W
010F:  ADDWF  36,F
....................    lcd_envia_byte(0,0x80|endereco); 
0110:  MOVF   36,W
0111:  IORLW  80
0112:  MOVWF  37
0113:  CLRF   38
0114:  MOVF   37,W
0115:  MOVWF  39
0116:  CALL   082
.................... } 
....................  
.................... void lcd_escreve( char c) 
.................... // envia caractere para o display 
.................... { 
....................    switch (c) 
*
00EC:  MOVF   33,W
00ED:  XORLW  0C
00EE:  BTFSC  03.2
00EF:  GOTO   0FA
00F0:  XORLW  06
00F1:  BTFSC  03.2
00F2:  GOTO   102
00F3:  XORLW  07
00F4:  BTFSC  03.2
00F5:  GOTO   102
00F6:  XORLW  05
00F7:  BTFSC  03.2
00F8:  GOTO   118
00F9:  GOTO   11D
.................... 	{ 
....................      case '\f' 	:	lcd_envia_byte(0,1); 
00FA:  CLRF   38
00FB:  MOVLW  01
00FC:  MOVWF  39
00FD:  CALL   082
.................... 	  			delay_ms(2); 
00FE:  MOVLW  02
00FF:  MOVWF  34
0100:  CALL   041
.................... 				break; 
0101:  GOTO   122
....................      case '\n'	: 
.................... 	 case '\r' 	:	lcd_pos_xy(1,2); 
0102:  MOVLW  01
0103:  MOVWF  34
0104:  MOVLW  02
0105:  MOVWF  35
.................... 	  			break; 
*
0117:  GOTO   122
....................      case '\b' 	:	lcd_envia_byte(0,0x10); 
0118:  CLRF   38
0119:  MOVLW  10
011A:  MOVWF  39
011B:  CALL   082
.................... 	  			break; 
011C:  GOTO   122
....................      default	:	lcd_envia_byte(1,c); 
011D:  MOVLW  01
011E:  MOVWF  38
011F:  MOVF   33,W
0120:  MOVWF  39
0121:  CALL   082
.................... 	  			break; 
....................    } 
0122:  RETURN
.................... } 
....................  
.................... char lcd_le( byte x, byte y) 
.................... // le caractere do display 
.................... { 
.................... 	char valor; 
.................... 	// seleciona a posição do caractere 
.................... 	lcd_pos_xy(x,y); 
.................... 	// ativa rs 
.................... 	output_high(lcd_rs); 
.................... 	// lê o caractere 
.................... 	valor = lcd_le_byte(); 
.................... 	// desativa rs 
.................... 	output_low(lcd_rs); 
.................... 	// retorna o valor do caractere 
.................... 	return valor; 
.................... } 
....................  
.................... #define LED PIN_D1 
.................... #define LED1 PIN_D2 
.................... #define DELAY 1000 
....................  
.................... void main() 
*
03E2:  MOVF   03,W
03E3:  ANDLW  1F
03E4:  MOVWF  03
03E5:  MOVLW  FF
03E6:  MOVWF  20
03E7:  BSF    03.5
03E8:  BSF    1F.0
03E9:  BSF    1F.1
03EA:  BSF    1F.2
03EB:  BCF    1F.3
03EC:  MOVLW  07
03ED:  MOVWF  1C
03EE:  BCF    03.7
.................... { 
....................  
....................    setup_adc_ports(NO_ANALOGS); 
03EF:  BSF    1F.0
03F0:  BSF    1F.1
03F1:  BSF    1F.2
03F2:  BCF    1F.3
....................    setup_adc(ADC_OFF); 
03F3:  BCF    03.5
03F4:  BCF    1F.0
....................    setup_psp(PSP_DISABLED); 
03F5:  BSF    03.5
03F6:  BCF    09.4
....................    setup_spi(SPI_SS_DISABLED); 
03F7:  BCF    03.5
03F8:  BCF    14.5
03F9:  BCF    20.5
03FA:  MOVF   20,W
03FB:  BSF    03.5
03FC:  MOVWF  07
03FD:  BCF    03.5
03FE:  BSF    20.4
03FF:  MOVF   20,W
0400:  BSF    03.5
0401:  MOVWF  07
0402:  BCF    03.5
0403:  BCF    20.3
0404:  MOVF   20,W
0405:  BSF    03.5
0406:  MOVWF  07
0407:  MOVLW  01
0408:  BCF    03.5
0409:  MOVWF  14
040A:  MOVLW  00
040B:  BSF    03.5
040C:  MOVWF  14
....................    setup_timer_0(RTCC_INTERNAL|RTCC_DIV_1); 
040D:  MOVF   01,W
040E:  ANDLW  C7
040F:  IORLW  08
0410:  MOVWF  01
....................    setup_timer_1(T1_DISABLED); 
0411:  BCF    03.5
0412:  CLRF   10
....................    setup_timer_2(T2_DISABLED,0,1); 
0413:  MOVLW  00
0414:  MOVWF  78
0415:  MOVWF  12
0416:  MOVLW  00
0417:  BSF    03.5
0418:  MOVWF  12
....................    setup_comparator(NC_NC_NC_NC); 
0419:  MOVLW  07
041A:  MOVWF  1C
041B:  MOVF   05,W
041C:  MOVWF  05
041D:  MOVLW  10
041E:  MOVWF  77
041F:  DECFSZ 77,F
0420:  GOTO   41F
0421:  NOP
0422:  MOVF   1C,W
0423:  BCF    03.5
0424:  BCF    0D.6
....................    setup_vref(FALSE); 
0425:  BSF    03.5
0426:  CLRF   1D
....................     
....................     
....................    lcd_ini(); // inicializa o LCD com 2 linhas e coloca o cursor no início da primeira linha 
0427:  BCF    03.5
0428:  GOTO   0AB
....................    delay_ms(50); 
0429:  MOVLW  32
042A:  MOVWF  34
042B:  CALL   041
....................     
.................... /*============================================================== 
.................... use as letras: 
.................... \f :apagar oq está no lcd  
.................... \n :pula para proxima linha  
.................... \r :retorna para o inicio   
.................... \b : 
....................  
....................  
.................... ================================================================*/ 
....................     
....................    int valor = 10; 
....................    float valor2 = 9.9999; 
042C:  MOVLW  0A
042D:  MOVWF  21
042E:  MOVLW  97
042F:  MOVWF  25
0430:  MOVLW  FF
0431:  MOVWF  24
0432:  MOVLW  1F
0433:  MOVWF  23
0434:  MOVLW  82
0435:  MOVWF  22
....................     
....................    while (true) 
....................    { 
....................       output_low(LED); 
0436:  BSF    03.5
0437:  BCF    08.1
0438:  BCF    03.5
0439:  BCF    08.1
....................       delay_ms(DELAY); 
043A:  MOVLW  04
043B:  MOVWF  26
043C:  MOVLW  FA
043D:  MOVWF  34
043E:  CALL   041
043F:  DECFSZ 26,F
0440:  GOTO   43C
....................       output_high(LED); 
0441:  BSF    03.5
0442:  BCF    08.1
0443:  BCF    03.5
0444:  BSF    08.1
....................       delay_ms(DELAY); 
0445:  MOVLW  04
0446:  MOVWF  26
0447:  MOVLW  FA
0448:  MOVWF  34
0449:  CALL   041
044A:  DECFSZ 26,F
044B:  GOTO   447
....................        
....................       output_low(LED1); 
044C:  BSF    03.5
044D:  BCF    08.2
044E:  BCF    03.5
044F:  BCF    08.2
....................       delay_ms(DELAY); 
0450:  MOVLW  04
0451:  MOVWF  26
0452:  MOVLW  FA
0453:  MOVWF  34
0454:  CALL   041
0455:  DECFSZ 26,F
0456:  GOTO   452
....................       output_high(LED1); 
0457:  BSF    03.5
0458:  BCF    08.2
0459:  BCF    03.5
045A:  BSF    08.2
....................       delay_ms(DELAY); 
045B:  MOVLW  04
045C:  MOVWF  26
045D:  MOVLW  FA
045E:  MOVWF  34
045F:  CALL   041
0460:  DECFSZ 26,F
0461:  GOTO   45D
....................        
....................       lcd_escreve ('\f'); // Apaga (limpa) o display 
0462:  MOVLW  0C
0463:  MOVWF  33
0464:  CALL   0EC
....................       printf (lcd_escreve,"George Henrique \r\n"); 
0465:  MOVLW  0C
0466:  BSF    03.6
0467:  MOVWF  0D
0468:  MOVLW  00
0469:  MOVWF  0F
046A:  BCF    03.6
046B:  CALL   123
....................       printf (lcd_escreve,"SABE TUDO "); 
046C:  MOVLW  16
046D:  BSF    03.6
046E:  MOVWF  0D
046F:  MOVLW  00
0470:  MOVWF  0F
0471:  BCF    03.6
0472:  CALL   123
....................       delay_ms (2000); 
0473:  MOVLW  08
0474:  MOVWF  26
0475:  MOVLW  FA
0476:  MOVWF  34
0477:  CALL   041
0478:  DECFSZ 26,F
0479:  GOTO   475
....................       lcd_escreve ('\f'); // Apaga (limpa) o display 
047A:  MOVLW  0C
047B:  MOVWF  33
047C:  CALL   0EC
....................       printf (lcd_escreve,"MICROCONTROLADOR\r\n"); 
047D:  MOVLW  1C
047E:  BSF    03.6
047F:  MOVWF  0D
0480:  MOVLW  00
0481:  MOVWF  0F
0482:  BCF    03.6
0483:  CALL   123
....................       printf (lcd_escreve,"E FACIL "); 
0484:  MOVLW  26
0485:  BSF    03.6
0486:  MOVWF  0D
0487:  MOVLW  00
0488:  MOVWF  0F
0489:  BCF    03.6
048A:  CALL   123
....................       delay_ms (2000); 
048B:  MOVLW  08
048C:  MOVWF  26
048D:  MOVLW  FA
048E:  MOVWF  34
048F:  CALL   041
0490:  DECFSZ 26,F
0491:  GOTO   48D
....................       printf (lcd_escreve,"\fVALOR int = %d\r\n",valor); 
0492:  MOVLW  2B
0493:  BSF    03.6
0494:  MOVWF  0D
0495:  MOVLW  00
0496:  MOVWF  0F
0497:  BCF    03.0
0498:  MOVLW  0D
0499:  BCF    03.6
049A:  MOVWF  26
049B:  CALL   179
049C:  MOVF   21,W
049D:  MOVWF  26
049E:  MOVLW  18
049F:  MOVWF  27
04A0:  GOTO   1E5
04A1:  MOVLW  0D
04A2:  MOVWF  33
04A3:  CALL   0EC
04A4:  MOVLW  0A
04A5:  MOVWF  33
04A6:  CALL   0EC
....................       delay_ms (2000); 
04A7:  MOVLW  08
04A8:  MOVWF  26
04A9:  MOVLW  FA
04AA:  MOVWF  34
04AB:  CALL   041
04AC:  DECFSZ 26,F
04AD:  GOTO   4A9
....................       printf (lcd_escreve,"\fVALOR float = \r%3.2f%%\r\n",valor2); 
04AE:  MOVLW  34
04AF:  BSF    03.6
04B0:  MOVWF  0D
04B1:  MOVLW  00
04B2:  MOVWF  0F
04B3:  BCF    03.0
04B4:  MOVLW  10
04B5:  BCF    03.6
04B6:  MOVWF  26
04B7:  CALL   179
04B8:  MOVLW  02
04B9:  MOVWF  04
04BA:  MOVF   25,W
04BB:  MOVWF  29
04BC:  MOVF   24,W
04BD:  MOVWF  28
04BE:  MOVF   23,W
04BF:  MOVWF  27
04C0:  MOVF   22,W
04C1:  MOVWF  26
04C2:  MOVLW  02
04C3:  MOVWF  2A
04C4:  GOTO   28D
04C5:  MOVLW  25
04C6:  MOVWF  33
04C7:  CALL   0EC
04C8:  MOVLW  0D
04C9:  MOVWF  33
04CA:  CALL   0EC
04CB:  MOVLW  0A
04CC:  MOVWF  33
04CD:  CALL   0EC
....................       delay_ms (2000); 
04CE:  MOVLW  08
04CF:  MOVWF  26
04D0:  MOVLW  FA
04D1:  MOVWF  34
04D2:  CALL   041
04D3:  DECFSZ 26,F
04D4:  GOTO   4D0
04D5:  GOTO   436
....................        
....................        
....................    } 
.................... } 
04D6:  SLEEP

Configuration Fuses:
   Word  1: 3F72   HS NOWDT PUT BROWNOUT NOLVP NOCPD NOWRT NODEBUG NOPROTECT
